Info: Starting: Create HDL design files for synthesis
Info: ip-generate --project-directory=/home/plato/dev/github/fpga-correlator/correlator/ --output-directory=/home/plato/dev/github/fpga-correlator/correlator/pll/synthesis/ --file-set=QUARTUS_SYNTH --report-file=sopcinfo:/home/plato/dev/github/fpga-correlator/correlator/pll.sopcinfo --report-file=html:/home/plato/dev/github/fpga-correlator/correlator/pll.html --report-file=qip:/home/plato/dev/github/fpga-correlator/correlator/pll/synthesis/pll.qip --report-file=cmp:/home/plato/dev/github/fpga-correlator/correlator/pll.cmp --system-info=DEVICE_FAMILY="Cyclone II" --system-info=DEVICE=EP2C5T144I8 --system-info=DEVICE_SPEEDGRADE=8 --component-file=/home/plato/dev/github/fpga-correlator/correlator/pll.qsys --language=VERILOG
Progress: Loading correlator/pll.qsys
Progress: Reading input file
Progress: Adding altpll_0 [altpll 13.0]
Progress: Parameterizing module altpll_0
Progress: Building connections
Progress: Parameterizing connections
Progress: Validating
Progress: Done reading input file
Warning: pll.altpll_0: altpll_0.pll_slave must be connected to an Avalon-MM master
Warning: pll.altpll_0: altpll_0.areset_conduit must be exported, or connected to a matching conduit.
Warning: pll.altpll_0: altpll_0.locked_conduit must be exported, or connected to a matching conduit.
Warning: pll.altpll_0: altpll_0.phasedone_conduit must be exported, or connected to a matching conduit.
Info: pll: Generating pll "pll" for QUARTUS_SYNTH
Info: pipeline_bridge_swap_transform: After transform: 1 modules, 0 connections
Info: No custom instruction connections, skipping transform 
Info: No Avalon connections, skipping transform 
Info: merlin_translator_transform: After transform: 1 modules, 0 connections
Info: altpll_0: "pll" instantiated altpll "altpll_0"
Info: pll: Done pll" with 2 modules, 2 files, 10875 bytes
Info: ip-generate succeeded.
Info: Finished: Create HDL design files for synthesis
